// Jest Snapshot v1, https://goo.gl/fbAQLP

exports[`The essence testrun succeeds 1`] = `
Object {
  "Body": Array [
    Object {
      "Limbs": Array [
        Object {
          "Left Arm": Array [
            Object {},
          ],
          "Right Arm": Array [
            Object {
              "--format pretty": Array [
                "Pretty formatting option",
              ],
              "> Friends <": Array [
                Array [
                  "Jack the Ripper",
                  "Frankenstein",
                ],
              ],
              "Use \`\${arg}\` style options": Array [
                Object {
                  "'--filters disabled'": "Enable/disable filters",
                  "'--output dir'": "Specify a different output directory",
                },
              ],
            },
          ],
        },
      ],
    },
  ],
  "Book Description": Array [
    "Lacks a certain ...
something",
  ],
  "Date": Array [
    "1st of November in the year 2017",
  ],
  "Shopping List": Array [
    Array [
      "Apples",
      "Oranges",
    ],
  ],
  "Telephone Numbers": Array [
    Object {
      "Ben": "+49 1943 24724784",
      "Rachel": "+59 3459 35935593",
    },
  ],
}
`;
