// Jest Snapshot v1, https://goo.gl/fbAQLP

exports[`A basic testrun succeeds 1`] = `
Object {
  "Section": Array [
    Object {
      "Section": Array [
        Object {
          "Section": Array [
            Object {
              "Key": Array [
                "Value",
                Array [
                  "Value",
                  "Value",
                ],
                "Value",
              ],
            },
          ],
        },
      ],
    },
  ],
}
`;
