// Jest Snapshot v1, https://goo.gl/fbAQLP

exports[`Complex loader throws with bad input 1`] = `
"bad coordinates should have a lat and a lng!

  Zeile | Inhalt
      1 | 
 >    2 | bad coordinates: Mickey Mouse
      3 | good coordinates: 48.211180, 16.371514
      4 | 
"
`;
