// Jest Snapshot v1, https://goo.gl/fbAQLP

exports[`Cyclic dependencies Scenario A throws 1`] = `
"In Zeile 6 wird \\"a\\" in sich selbst kopiert.

  Zeile | Inhalt
      1 | 
 *    2 |     a < b
      3 |     - 1
      4 |     - 2
      5 | 
 >    6 |     b < a
      7 |     - 1
      8 |     - 2
   ...
"
`;

exports[`Cyclic dependencies Scenario B throws 1`] = `
"In Zeile 8 wird \\"one\\" in sich selbst kopiert.

  Zeile | Inhalt
   ...
      3 |     | all
      4 | 
 *    5 |     one < two
      6 |     | one
      7 | 
 >    8 |     two < one
      9 |     | two
     10 |   
"
`;

exports[`Cyclic dependencies Scenario C throws 1`] = `
"In Zeile 5 wird \\"either\\" in sich selbst kopiert.

  Zeile | Inhalt
      1 | 
 *    2 |     either < or
      3 |     either = or
      4 | 
 >    5 |     or < either
      6 |     or = either
      7 |   
"
`;

exports[`Cyclic dependencies Scenario D throws 1`] = `
"In Zeile 11 wird \\"one\\" in sich selbst kopiert.

  Zeile | Inhalt
      1 | 
 *    2 |     # one < two
      3 |     1: one
      4 | 
 *    5 |     ## three < four
      6 |     3: three
      7 | 
   ...
      9 |     2: two
     10 | 
 >   11 |     ## four < one
     12 |     4: four
     13 |   
"
`;

exports[`Cyclic dependencies Scenario E throws 1`] = `
"In Zeile 3 wird \\"foo\\" in sich selbst kopiert.

  Zeile | Inhalt
      1 | 
 *    2 |     # foo
 >    3 |     ## bar < foo
      4 |     # baz < foo
      5 |   
"
`;

exports[`Cyclic dependencies Scenario F throws 1`] = `
"In Zeile 4 wird \\"a\\" in sich selbst kopiert.

  Zeile | Inhalt
      1 | 
 *    2 |     # a
 *    3 |     ## b
 >    4 |     ### c < a
      5 |   
"
`;
